<?xml version="1.0" encoding="UTF-8"?><root>
    <Example id="hello">
        <Test />
    </Example>
</root>
